Warning: You are sending unauthenticated requests to the HF Hub. Please set a HF_TOKEN to enable higher rate limits and faster downloads.
D:\Program\anaconda3\envs\jev\Lib\site-packages\torch\jit\_script.py:1491: FutureWarning: `torch.jit.script` is deprecated. Please switch to `torch.compile` or `torch.export`.
  warnings.warn(
Loading weights:   0%|          | 0/198 [00:00<?, ?it/s]Loading weights: 100%|██████████| 198/198 [00:00<00:00, 3787.58it/s]
[transformers] [1mDebertaV2ForSequenceClassification LOAD REPORT[0m from: microsoft/deberta-v3-base
Key                                     | Status     | 
----------------------------------------+------------+-
mask_predictions.dense.bias             | UNEXPECTED | 
mask_predictions.classifier.weight      | UNEXPECTED | 
lm_predictions.lm_head.bias             | UNEXPECTED | 
lm_predictions.lm_head.dense.weight     | UNEXPECTED | 
mask_predictions.classifier.bias        | UNEXPECTED | 
lm_predictions.lm_head.dense.bias       | UNEXPECTED | 
lm_predictions.lm_head.LayerNorm.weight | UNEXPECTED | 
lm_predictions.lm_head.LayerNorm.bias   | UNEXPECTED | 
mask_predictions.LayerNorm.weight       | UNEXPECTED | 
mask_predictions.dense.weight           | UNEXPECTED | 
mask_predictions.LayerNorm.bias         | UNEXPECTED | 
classifier.weight                       | MISSING    | 
pooler.dense.weight                     | MISSING    | 
classifier.bias                         | MISSING    | 
pooler.dense.bias                       | MISSING    | 

Notes:
- UNEXPECTED:	can be ignored when loading from different task/architecture; not ok if you expect identical arch.
- MISSING:	those params were newly initialized because missing from the checkpoint. Consider training on your downstream task.
Loading weights:   0%|          | 0/198 [00:00<?, ?it/s]Loading weights: 100%|██████████| 198/198 [00:00<00:00, 2324.87it/s]
[transformers] [1mDebertaV2ForSequenceClassification LOAD REPORT[0m from: microsoft/deberta-v3-base
Key                                     | Status     | 
----------------------------------------+------------+-
mask_predictions.dense.bias             | UNEXPECTED | 
mask_predictions.classifier.weight      | UNEXPECTED | 
lm_predictions.lm_head.bias             | UNEXPECTED | 
lm_predictions.lm_head.dense.weight     | UNEXPECTED | 
mask_predictions.classifier.bias        | UNEXPECTED | 
lm_predictions.lm_head.dense.bias       | UNEXPECTED | 
lm_predictions.lm_head.LayerNorm.weight | UNEXPECTED | 
lm_predictions.lm_head.LayerNorm.bias   | UNEXPECTED | 
mask_predictions.LayerNorm.weight       | UNEXPECTED | 
mask_predictions.dense.weight           | UNEXPECTED | 
mask_predictions.LayerNorm.bias         | UNEXPECTED | 
classifier.weight                       | MISSING    | 
pooler.dense.weight                     | MISSING    | 
classifier.bias                         | MISSING    | 
pooler.dense.bias                       | MISSING    | 

Notes:
- UNEXPECTED:	can be ignored when loading from different task/architecture; not ok if you expect identical arch.
- MISSING:	those params were newly initialized because missing from the checkpoint. Consider training on your downstream task.
Loading weights:   0%|          | 0/198 [00:00<?, ?it/s]Loading weights: 100%|██████████| 198/198 [00:00<00:00, 2074.88it/s]
[transformers] [1mDebertaV2ForSequenceClassification LOAD REPORT[0m from: microsoft/deberta-v3-base
Key                                     | Status     | 
----------------------------------------+------------+-
mask_predictions.dense.bias             | UNEXPECTED | 
mask_predictions.classifier.weight      | UNEXPECTED | 
lm_predictions.lm_head.bias             | UNEXPECTED | 
lm_predictions.lm_head.dense.weight     | UNEXPECTED | 
mask_predictions.classifier.bias        | UNEXPECTED | 
lm_predictions.lm_head.dense.bias       | UNEXPECTED | 
lm_predictions.lm_head.LayerNorm.weight | UNEXPECTED | 
lm_predictions.lm_head.LayerNorm.bias   | UNEXPECTED | 
mask_predictions.LayerNorm.weight       | UNEXPECTED | 
mask_predictions.dense.weight           | UNEXPECTED | 
mask_predictions.LayerNorm.bias         | UNEXPECTED | 
classifier.weight                       | MISSING    | 
pooler.dense.weight                     | MISSING    | 
classifier.bias                         | MISSING    | 
pooler.dense.bias                       | MISSING    | 

Notes:
- UNEXPECTED:	can be ignored when loading from different task/architecture; not ok if you expect identical arch.
- MISSING:	those params were newly initialized because missing from the checkpoint. Consider training on your downstream task.
Loading weights:   0%|          | 0/198 [00:00<?, ?it/s]Loading weights: 100%|██████████| 198/198 [00:00<00:00, 3376.00it/s]
[transformers] [1mDebertaV2ForSequenceClassification LOAD REPORT[0m from: microsoft/deberta-v3-base
Key                                     | Status     | 
----------------------------------------+------------+-
mask_predictions.dense.bias             | UNEXPECTED | 
mask_predictions.classifier.weight      | UNEXPECTED | 
lm_predictions.lm_head.bias             | UNEXPECTED | 
lm_predictions.lm_head.dense.weight     | UNEXPECTED | 
mask_predictions.classifier.bias        | UNEXPECTED | 
lm_predictions.lm_head.dense.bias       | UNEXPECTED | 
lm_predictions.lm_head.LayerNorm.weight | UNEXPECTED | 
lm_predictions.lm_head.LayerNorm.bias   | UNEXPECTED | 
mask_predictions.LayerNorm.weight       | UNEXPECTED | 
mask_predictions.dense.weight           | UNEXPECTED | 
mask_predictions.LayerNorm.bias         | UNEXPECTED | 
classifier.weight                       | MISSING    | 
pooler.dense.weight                     | MISSING    | 
classifier.bias                         | MISSING    | 
pooler.dense.bias                       | MISSING    | 

Notes:
- UNEXPECTED:	can be ignored when loading from different task/architecture; not ok if you expect identical arch.
- MISSING:	those params were newly initialized because missing from the checkpoint. Consider training on your downstream task.
Loading weights:   0%|          | 0/198 [00:00<?, ?it/s]Loading weights: 100%|██████████| 198/198 [00:00<00:00, 3057.91it/s]
[transformers] [1mDebertaV2ForSequenceClassification LOAD REPORT[0m from: microsoft/deberta-v3-base
Key                                     | Status     | 
----------------------------------------+------------+-
mask_predictions.dense.bias             | UNEXPECTED | 
mask_predictions.classifier.weight      | UNEXPECTED | 
lm_predictions.lm_head.bias             | UNEXPECTED | 
lm_predictions.lm_head.dense.weight     | UNEXPECTED | 
mask_predictions.classifier.bias        | UNEXPECTED | 
lm_predictions.lm_head.dense.bias       | UNEXPECTED | 
lm_predictions.lm_head.LayerNorm.weight | UNEXPECTED | 
lm_predictions.lm_head.LayerNorm.bias   | UNEXPECTED | 
mask_predictions.LayerNorm.weight       | UNEXPECTED | 
mask_predictions.dense.weight           | UNEXPECTED | 
mask_predictions.LayerNorm.bias         | UNEXPECTED | 
classifier.weight                       | MISSING    | 
pooler.dense.weight                     | MISSING    | 
classifier.bias                         | MISSING    | 
pooler.dense.bias                       | MISSING    | 

Notes:
- UNEXPECTED:	can be ignored when loading from different task/architecture; not ok if you expect identical arch.
- MISSING:	those params were newly initialized because missing from the checkpoint. Consider training on your downstream task.
Loading weights:   0%|          | 0/198 [00:00<?, ?it/s]Loading weights: 100%|██████████| 198/198 [00:00<00:00, 2436.05it/s]
[transformers] [1mDebertaV2ForSequenceClassification LOAD REPORT[0m from: microsoft/deberta-v3-base
Key                                     | Status     | 
----------------------------------------+------------+-
mask_predictions.dense.bias             | UNEXPECTED | 
mask_predictions.classifier.weight      | UNEXPECTED | 
lm_predictions.lm_head.bias             | UNEXPECTED | 
lm_predictions.lm_head.dense.weight     | UNEXPECTED | 
mask_predictions.classifier.bias        | UNEXPECTED | 
lm_predictions.lm_head.dense.bias       | UNEXPECTED | 
lm_predictions.lm_head.LayerNorm.weight | UNEXPECTED | 
lm_predictions.lm_head.LayerNorm.bias   | UNEXPECTED | 
mask_predictions.LayerNorm.weight       | UNEXPECTED | 
mask_predictions.dense.weight           | UNEXPECTED | 
mask_predictions.LayerNorm.bias         | UNEXPECTED | 
classifier.weight                       | MISSING    | 
pooler.dense.weight                     | MISSING    | 
classifier.bias                         | MISSING    | 
pooler.dense.bias                       | MISSING    | 

Notes:
- UNEXPECTED:	can be ignored when loading from different task/architecture; not ok if you expect identical arch.
- MISSING:	those params were newly initialized because missing from the checkpoint. Consider training on your downstream task.
base held=r6 seed=0 done, 409s
Loading weights:   0%|          | 0/198 [00:00<?, ?it/s]Loading weights: 100%|██████████| 198/198 [00:00<00:00, 3158.46it/s]
[transformers] [1mDebertaV2ForSequenceClassification LOAD REPORT[0m from: microsoft/deberta-v3-base
Key                                     | Status     | 
----------------------------------------+------------+-
mask_predictions.dense.bias             | UNEXPECTED | 
mask_predictions.classifier.weight      | UNEXPECTED | 
lm_predictions.lm_head.bias             | UNEXPECTED | 
lm_predictions.lm_head.dense.weight     | UNEXPECTED | 
mask_predictions.classifier.bias        | UNEXPECTED | 
lm_predictions.lm_head.dense.bias       | UNEXPECTED | 
lm_predictions.lm_head.LayerNorm.weight | UNEXPECTED | 
lm_predictions.lm_head.LayerNorm.bias   | UNEXPECTED | 
mask_predictions.LayerNorm.weight       | UNEXPECTED | 
mask_predictions.dense.weight           | UNEXPECTED | 
mask_predictions.LayerNorm.bias         | UNEXPECTED | 
classifier.weight                       | MISSING    | 
pooler.dense.weight                     | MISSING    | 
classifier.bias                         | MISSING    | 
pooler.dense.bias                       | MISSING    | 

Notes:
- UNEXPECTED:	can be ignored when loading from different task/architecture; not ok if you expect identical arch.
- MISSING:	those params were newly initialized because missing from the checkpoint. Consider training on your downstream task.
