lines.json clean : 422 clips the C++ transcript equals the Python transcript on 408/422; the bot picks the same on 422/422 (the line's own intent on 421 from the C++ transcript, 421 from the Python one, of 422); median 244 ms, p95 334 ms per clip of 2.8 s
lines.json kokoro : 422 clips the C++ transcript equals the Python transcript on 401/422; the bot picks the same on 422/422 (the line's own intent on 421 from the C++ transcript, 421 from the Python one, of 422); median 231 ms, p95 318 ms per clip of 2.7 s
lines.json kokorox : 422 clips the C++ transcript equals the Python transcript on 381/422; the bot picks the same on 422/422 (the line's own intent on 421 from the C++ transcript, 421 from the Python one, of 422); median 229 ms, p95 316 ms per clip of 2.7 s
lines.json vctkA : 422 clips the C++ transcript equals the Python transcript on 333/422; the bot picks the same on 418/422 (the line's own intent on 417 from the C++ transcript, 421 from the Python one, of 422); median 212 ms, p95 305 ms per clip of 2.4 s
lines.json vctkB : 422 clips the C++ transcript equals the Python transcript on 335/422; the bot picks the same on 415/422 (the line's own intent on 377 from the C++ transcript, 380 from the Python one, of 422); median 212 ms, p95 300 ms per clip of 2.5 s
lines_v5.json clean : 120 clips the C++ transcript equals the Python transcript on 119/120; the bot picks the same on 120/120 (the line's own intent on 120 from the C++ transcript, 120 from the Python one, of 120); median 264 ms, p95 315 ms per clip of 3.2 s
lines_v5.json kokoro : 120 clips the C++ transcript equals the Python transcript on 113/120; the bot picks the same on 120/120 (the line's own intent on 120 from the C++ transcript, 120 from the Python one, of 120); median 250 ms, p95 286 ms per clip of 2.9 s
lines_v5.json kokorox : 120 clips the C++ transcript equals the Python transcript on 108/120; the bot picks the same on 118/120 (the line's own intent on 118 from the C++ transcript, 120 from the Python one, of 120); median 244 ms, p95 292 ms per clip of 2.8 s
lines_v5.json vctkA : 120 clips the C++ transcript equals the Python transcript on 97/120; the bot picks the same on 120/120 (the line's own intent on 120 from the C++ transcript, 120 from the Python one, of 120); median 230 ms, p95 284 ms per clip of 2.7 s
lines_v5.json vctkB : 120 clips the C++ transcript equals the Python transcript on 84/120; the bot picks the same on 117/120 (the line's own intent on 111 from the C++ transcript, 113 from the Python one, of 120); median 235 ms, p95 283 ms per clip of 2.7 s
lines_v51.json clean : 60 clips the C++ transcript equals the Python transcript on 59/60; the bot picks the same on 60/60 (the line's own intent on 60 from the C++ transcript, 60 from the Python one, of 60); median 303 ms, p95 367 ms per clip of 3.6 s
lines_v51.json kokoro : 60 clips the C++ transcript equals the Python transcript on 57/60; the bot picks the same on 60/60 (the line's own intent on 60 from the C++ transcript, 60 from the Python one, of 60); median 277 ms, p95 349 ms per clip of 3.3 s
lines_v51.json kokorox : 60 clips the C++ transcript equals the Python transcript on 55/60; the bot picks the same on 60/60 (the line's own intent on 60 from the C++ transcript, 60 from the Python one, of 60); median 271 ms, p95 348 ms per clip of 3.2 s
lines_v51.json vctkA : 60 clips the C++ transcript equals the Python transcript on 51/60; the bot picks the same on 60/60 (the line's own intent on 60 from the C++ transcript, 60 from the Python one, of 60); median 267 ms, p95 334 ms per clip of 3.1 s
lines_v51.json vctkB : 60 clips the C++ transcript equals the Python transcript on 49/60; the bot picks the same on 59/60 (the line's own intent on 57 from the C++ transcript, 57 from the Python one, of 60); median 256 ms, p95 336 ms per clip of 3.0 s
seeds.json seedclean : 580 clips the C++ transcript equals the Python transcript on 562/580; the bot picks the same on 580/580 (the line's own intent on 578 from the C++ transcript, 578 from the Python one, of 580); median 159 ms, p95 190 ms per clip of 1.6 s
seeds.json seedkokoro : 580 clips the C++ transcript equals the Python transcript on 551/580; the bot picks the same on 579/580 (the line's own intent on 576 from the C++ transcript, 577 from the Python one, of 580); median 162 ms, p95 200 ms per clip of 1.7 s
seeds.json seedkokorox : 580 clips the C++ transcript equals the Python transcript on 537/580; the bot picks the same on 575/580 (the line's own intent on 574 from the C++ transcript, 579 from the Python one, of 580); median 164 ms, p95 198 ms per clip of 1.7 s
seeds.json seedvctkA : 580 clips the C++ transcript equals the Python transcript on 504/580; the bot picks the same on 553/580 (the line's own intent on 548 from the C++ transcript, 575 from the Python one, of 580); median 144 ms, p95 176 ms per clip of 1.4 s
seeds_v5.json seedclean : 125 clips the C++ transcript equals the Python transcript on 125/125; the bot picks the same on 125/125 (the line's own intent on 125 from the C++ transcript, 125 from the Python one, of 125); median 153 ms, p95 186 ms per clip of 1.6 s
seeds_v5.json seedkokoro : 125 clips the C++ transcript equals the Python transcript on 118/125; the bot picks the same on 125/125 (the line's own intent on 125 from the C++ transcript, 125 from the Python one, of 125); median 155 ms, p95 191 ms per clip of 1.6 s
seeds_v5.json seedkokorox : 125 clips the C++ transcript equals the Python transcript on 117/125; the bot picks the same on 125/125 (the line's own intent on 125 from the C++ transcript, 125 from the Python one, of 125); median 155 ms, p95 195 ms per clip of 1.6 s
seeds_v5.json seedvctkA : 125 clips the C++ transcript equals the Python transcript on 106/125; the bot picks the same on 119/125 (the line's own intent on 119 from the C++ transcript, 125 from the Python one, of 125); median 135 ms, p95 174 ms per clip of 1.3 s
seeds_v51.json seedclean : 96 clips the C++ transcript equals the Python transcript on 95/96; the bot picks the same on 96/96 (the line's own intent on 95 from the C++ transcript, 95 from the Python one, of 96); median 153 ms, p95 181 ms per clip of 1.6 s
seeds_v51.json seedkokoro : 96 clips the C++ transcript equals the Python transcript on 94/96; the bot picks the same on 96/96 (the line's own intent on 95 from the C++ transcript, 95 from the Python one, of 96); median 159 ms, p95 193 ms per clip of 1.6 s
seeds_v51.json seedkokorox : 96 clips the C++ transcript equals the Python transcript on 94/96; the bot picks the same on 96/96 (the line's own intent on 95 from the C++ transcript, 95 from the Python one, of 96); median 161 ms, p95 189 ms per clip of 1.6 s
seeds_v51.json seedvctkA : 96 clips the C++ transcript equals the Python transcript on 88/96; the bot picks the same on 93/96 (the line's own intent on 91 from the C++ transcript, 94 from the Python one, of 96); median 136 ms, p95 171 ms per clip of 1.3 s
