ensemble of 3 seeds, 12 epochs; gate family, threshold 0.60; 993 lines, 357 of them v5, v51 and v52 lines, 5 lines with a re-read truth

r6 and cs lines, all
  what the classifier is given             near  wrong fam  acts on non-order  criterion
  typed text                               94.6       2.3%               6.1%       90.0   n=662
  Windows voices                           93.8       3.0%               9.2%       87.8   n=662
  Kokoro, English voices                   94.0       2.4%               7.1%       89.1   n=662
  Kokoro, other-language voices            92.6       2.6%               6.1%       87.5   n=662
  VCTK, speakers used in training          81.3       5.4%               8.2%       70.4   n=662
  VCTK, speakers never in training         81.4       5.4%               8.2%       70.5   n=662

r6 and cs lines written for v5, v51 and v52
  what the classifier is given             near  wrong fam  acts on non-order  criterion
  typed text                               96.7       2.1%               3.0%       92.5   n=240
  Windows voices                           96.2       2.5%               3.0%       91.2   n=240
  Kokoro, English voices                   95.8       2.1%               3.0%       91.7   n=240
  Kokoro, other-language voices            93.8       2.9%               6.1%       87.9   n=240
  VCTK, speakers used in training          84.6       6.2%               3.0%       72.1   n=240
  VCTK, speakers never in training         86.2       4.6%               9.1%       77.1   n=240

r6 and cs lines written for v52 only
  what the classifier is given             near  wrong fam  acts on non-order  criterion
  typed text                               98.3       1.7%               0.0%       95.0   n=60
  Windows voices                           98.3       1.7%               0.0%       95.0   n=60
  Kokoro, English voices                   95.0       1.7%               0.0%       91.7   n=60
  Kokoro, other-language voices            93.3       3.3%               0.0%       86.7   n=60
  VCTK, speakers used in training          88.3       5.0%               0.0%       78.3   n=60
  VCTK, speakers never in training         91.7       3.3%               0.0%       85.0   n=60

r6 and cs older lines (the 422 lines v4 was checked on, with their v52 truth)
  what the classifier is given             near  wrong fam  acts on non-order  criterion
  typed text                               93.4       2.4%               7.7%       88.6   n=422
  Windows voices                           92.4       3.3%              12.3%       85.8   n=422
  Kokoro, English voices                   92.9       2.6%               9.2%       87.7   n=422
  Kokoro, other-language voices            91.9       2.4%               6.2%       87.2   n=422
  VCTK, speakers used in training          79.4       5.0%              10.8%       69.4   n=422
  VCTK, speakers never in training         78.7       5.9%               7.7%       66.8   n=422

stt lines (typed only, never voiced)
  what the classifier is given             near  wrong fam  acts on non-order  criterion
  typed text                               92.4       1.5%              10.2%       89.4   n=331

the new intents (r6 and cs lines whose truth is the intent): picked exactly / in its family / another order / nothing
  typed text                             ATTACK 15/16 (nothing 1) | CHECK 15/17 (DRONE 1, HOLD_OTHER_ANGLE 1) | HELP 12/12 | HOLD_FIRE 19/20 (WAIT 1) | LOOK_AT 20/22 (LOOK_AT_ME 1, CHECK 1) | LOOK_AT_ME 12/12 | OPEN_FIRE 18/20 (nothing 1) (SUPPRESS 1) | SUPPRESS 12/12
                                         wrongly picked a new intent: HOLD_ANGLE->LOOK_AT 2, SMOKE->SUPPRESS 1, REVIVE_ME->HELP 1, DRONE->CHECK 1, WAIT->HOLD_FIRE 1, DEFUSE->ATTACK 1
  Windows voices                         ATTACK 15/16 (nothing 1) | CHECK 15/17 (DRONE 1, HOLD_OTHER_ANGLE 1) | HELP 12/12 | HOLD_FIRE 19/20 (WAIT 1) | LOOK_AT 20/22 (LOOK_AT_ME 1, CHECK 1) | LOOK_AT_ME 12/12 | OPEN_FIRE 18/20 (nothing 1) (SUPPRESS 1) | SUPPRESS 12/12
                                         wrongly picked a new intent: HOLD_ANGLE->LOOK_AT 2, SMOKE->SUPPRESS 1, NONE->OPEN_FIRE 1, REVIVE_ME->HELP 1, DRONE->CHECK 1, WAIT->HOLD_FIRE 1
  Kokoro, English voices                 ATTACK 15/16 (nothing 1) | CHECK 15/17 (DRONE 1, HOLD_OTHER_ANGLE 1) | HELP 11/12 (nothing 1) | HOLD_FIRE 19/20 (WAIT 1) | LOOK_AT 20/22 (LOOK_AT_ME 1, CHECK 1) | LOOK_AT_ME 12/12 | OPEN_FIRE 18/20 (nothing 1) (SUPPRESS 1) | SUPPRESS 11/12 (nothing 1)
                                         wrongly picked a new intent: HOLD_ANGLE->LOOK_AT 2, SMOKE->SUPPRESS 1, ENTRY->CHECK 1, REVIVE_ME->HELP 1, DRONE->CHECK 1, WAIT->HOLD_FIRE 1
  Kokoro, other-language voices          ATTACK 14/16 (nothing 2) | CHECK 14/17 (nothing 1) (DRONE 1, HOLD_OTHER_ANGLE 1) | HELP 11/12 (nothing 1) | HOLD_FIRE 19/20 (WAIT 1) | LOOK_AT 20/22 (LOOK_AT_ME 1, CHECK 1) | LOOK_AT_ME 12/12 | OPEN_FIRE 19/20 (nothing 1) | SUPPRESS 11/12 (FLANK 1)
                                         wrongly picked a new intent: HOLD_ANGLE->LOOK_AT 2, REVIVE_ME->HELP 1, DRONE->CHECK 1, WAIT->HOLD_FIRE 1, LOOK_AT->LOOK_AT_ME 1, LOOK_AT->CHECK 1
  VCTK, speakers used in training        ATTACK 11/16 (nothing 5) | CHECK 15/17 (DRONE 1, HOLD_OTHER_ANGLE 1) | HELP 11/12 (nothing 1) | HOLD_FIRE 12/20 (nothing 4) (TAKE_COVER 1, OPEN_FIRE 1, FOLLOW_ME 1) | LOOK_AT 19/22 (nothing 1) (LOOK_AT_ME 1, CHECK 1) | LOOK_AT_ME 11/12 (nothing 1) | OPEN_FIRE 15/20 (nothing 2) (MOVE_TO 1, SUPPRESS 1, HOLD_FIRE 1) | SUPPRESS 9/12 (nothing 3)
                                         wrongly picked a new intent: HOLD_ANGLE->OPEN_FIRE 2, DRONE->CHECK 2, NONE->OPEN_FIRE 1, HOLD_ANGLE->LOOK_AT 1, DEFUSE->ATTACK 1, HOLD_FIRE->OPEN_FIRE 1
  VCTK, speakers never in training       ATTACK 13/16 (nothing 3) | CHECK 15/17 (DRONE 1, HOLD_OTHER_ANGLE 1) | HELP 12/12 | HOLD_FIRE 15/20 (nothing 4) (WAIT 1) | LOOK_AT 19/22 (nothing 2) (CHECK 1) | LOOK_AT_ME 10/12 (nothing 2) | OPEN_FIRE 13/20 (nothing 5) (HOLD_FIRE 1, BREACH 1) | SUPPRESS 9/12 (nothing 1) (HOLD_ANGLE 1, OPEN_FIRE 1)
                                         wrongly picked a new intent: HOLD_ANGLE->LOOK_AT 2, NONE->OPEN_FIRE 1, ENTRY->ATTACK 1, OPEN_FIRE->HOLD_FIRE 1, HOLD_ANGLE->OPEN_FIRE 1, NONE->LOOK_AT 1

the same check at other thresholds (r6 and cs lines, VCTK speakers never in training):
  gate top: 0.30: crit 62.7, wf 10.7%, non-order 17.3% | 0.50: crit 68.7, wf 6.3%, non-order 11.2% | 0.62: crit 70.5, wf 4.7%, non-order 6.1% | 0.70: crit 71.1, wf 2.7%, non-order 4.1% | 0.80: crit 69.8, wf 2.4%, non-order 4.1% | 0.90: crit 68.4, wf 1.7%, non-order 4.1%
  gate family: 0.30: crit 61.8, wf 11.3%, non-order 18.4% | 0.50: crit 68.4, wf 7.1%, non-order 13.3% | 0.62: crit 70.4, wf 5.4%, non-order 8.2% | 0.70: crit 72.4, wf 3.2%, non-order 4.1% | 0.80: crit 71.1, wf 2.7%, non-order 4.1% | 0.90: crit 70.5, wf 1.8%, non-order 4.1%

bot_config.json written: G:\Proj\ollaya\DeBertaBot\models\coop-deberta-v3-ens3-v52
